tests/models/blip/test_modeling_blip.py::BlipVisionModelTest::test_batching_equivalence
tests/models/blip/test_modeling_blip.py::BlipTextModelTest::test_batching_equivalence
tests/models/blip/test_modeling_blip.py::BlipModelTest::test_batching_equivalence
tests/models/blip/test_modeling_blip.py::BlipVQAModelTest::test_batching_equivalence
tests/models/blip/test_modeling_blip.py::BlipTextRetrievalModelTest::test_batching_equivalence
tests/models/blip/test_modeling_blip.py::BlipTextImageModelTest::test_batching_equivalence
tests/models/blip_2/test_modeling_blip_2.py::Blip2VisionModelTest::test_batching_equivalence
tests/models/blip_2/test_modeling_blip_2.py::Blip2ForConditionalGenerationDecoderOnlyTest::test_batching_equivalence
tests/models/blip_2/test_modeling_blip_2.py::Blip2ModelTest::test_batching_equivalence
tests/models/blip_2/test_modeling_blip_2.py::Blip2TextModelWithProjectionTest::test_batching_equivalence
tests/models/blip_2/test_modeling_blip_2.py::Blip2VisionModelWithProjectionTest::test_batching_equivalence
tests/models/blip_2/test_modeling_blip_2.py::Blip2TextRetrievalModelTest::test_batching_equivalence
tests/models/flava/test_modeling_flava.py::FlavaImageModelTest::test_batching_equivalence
tests/models/flava/test_modeling_flava.py::FlavaTextModelTest::test_batching_equivalence
tests/models/flava/test_modeling_flava.py::FlavaMultimodalModelTest::test_batching_equivalence
tests/models/flava/test_modeling_flava.py::FlavaImageCodebookTest::test_batching_equivalence
tests/models/flava/test_modeling_flava.py::FlavaModelTest::test_batching_equivalence
tests/models/flava/test_modeling_flava.py::FlavaForPreTrainingTest::test_batching_equivalence
tests/models/speecht5/test_modeling_speecht5.py::SpeechT5ModelTest::test_batching_equivalence
tests/models/speecht5/test_modeling_speecht5.py::SpeechT5ForSpeechToTextTest::test_batching_equivalence
tests/models/speecht5/test_modeling_speecht5.py::SpeechT5HifiGanTest::test_batching_equivalence
tests/models/clip/test_modeling_clip.py::CLIPVisionModelTest::test_batching_equivalence
tests/models/clip/test_modeling_clip.py::CLIPTextModelTest::test_batching_equivalence
tests/models/clip/test_modeling_clip.py::CLIPModelTest::test_batching_equivalence
tests/models/clip/test_modeling_clip.py::CLIPForImageClassificationModelTest::test_batching_equivalence
tests/models/longt5/test_modeling_longt5.py::LongT5ModelTest::test_batching_equivalence
tests/models/longt5/test_modeling_longt5.py::LongT5TGlobalModelTest::test_batching_equivalence
tests/models/longt5/test_modeling_longt5.py::LongT5EncoderOnlyModelTest::test_batching_equivalence
tests/models/longt5/test_modeling_longt5.py::LongT5EncoderOnlyTGlobalModelTest::test_batching_equivalence
tests/models/owlv2/test_modeling_owlv2.py::Owlv2VisionModelTest::test_batching_equivalence
tests/models/owlv2/test_modeling_owlv2.py::Owlv2TextModelTest::test_batching_equivalence
tests/models/owlv2/test_modeling_owlv2.py::Owlv2ModelTest::test_batching_equivalence
tests/models/owlv2/test_modeling_owlv2.py::Owlv2ForObjectDetectionTest::test_batching_equivalence
tests/models/owlvit/test_modeling_owlvit.py::OwlViTVisionModelTest::test_batching_equivalence
tests/models/owlvit/test_modeling_owlvit.py::OwlViTTextModelTest::test_batching_equivalence
tests/models/owlvit/test_modeling_owlvit.py::OwlViTModelTest::test_batching_equivalence
tests/models/owlvit/test_modeling_owlvit.py::OwlViTForObjectDetectionTest::test_batching_equivalence
tests/models/siglip/test_modeling_siglip.py::SiglipVisionModelTest::test_batching_equivalence
tests/models/siglip/test_modeling_siglip.py::SiglipTextModelTest::test_batching_equivalence
tests/models/siglip/test_modeling_siglip.py::SiglipModelTest::test_batching_equivalence
tests/models/siglip/test_modeling_siglip.py::SiglipForImageClassificationModelTest::test_batching_equivalence
tests/models/align/test_modeling_align.py::AlignVisionModelTest::test_batching_equivalence
tests/models/align/test_modeling_align.py::AlignTextModelTest::test_batching_equivalence
tests/models/align/test_modeling_align.py::AlignModelTest::test_batching_equivalence
tests/models/altclip/test_modeling_altclip.py::AltCLIPVisionModelTest::test_batching_equivalence
tests/models/altclip/test_modeling_altclip.py::AltCLIPTextModelTest::test_batching_equivalence
tests/models/altclip/test_modeling_altclip.py::AltCLIPModelTest::test_batching_equivalence
tests/models/bark/test_modeling_bark.py::BarkSemanticModelTest::test_batching_equivalence
tests/models/bark/test_modeling_bark.py::BarkCoarseModelTest::test_batching_equivalence
tests/models/bark/test_modeling_bark.py::BarkFineModelTest::test_batching_equivalence
tests/models/chinese_clip/test_modeling_chinese_clip.py::ChineseCLIPTextModelTest::test_batching_equivalence
tests/models/chinese_clip/test_modeling_chinese_clip.py::ChineseCLIPVisionModelTest::test_batching_equivalence
tests/models/chinese_clip/test_modeling_chinese_clip.py::ChineseCLIPModelTest::test_batching_equivalence
tests/models/clap/test_modeling_clap.py::ClapAudioModelTest::test_batching_equivalence
tests/models/clap/test_modeling_clap.py::ClapTextModelTest::test_batching_equivalence
tests/models/clap/test_modeling_clap.py::ClapModelTest::test_batching_equivalence
tests/models/clipseg/test_modeling_clipseg.py::CLIPSegVisionModelTest::test_batching_equivalence
tests/models/clipseg/test_modeling_clipseg.py::CLIPSegTextModelTest::test_batching_equivalence
tests/models/clipseg/test_modeling_clipseg.py::CLIPSegModelTest::test_batching_equivalence
tests/models/clvp/test_modeling_clvp.py::ClvpEncoderTest::test_batching_equivalence
tests/models/clvp/test_modeling_clvp.py::ClvpDecoderTest::test_batching_equivalence
tests/models/clvp/test_modeling_clvp.py::ClvpModelForConditionalGenerationTest::test_batching_equivalence
tests/models/groupvit/test_modeling_groupvit.py::GroupViTVisionModelTest::test_batching_equivalence
tests/models/groupvit/test_modeling_groupvit.py::GroupViTTextModelTest::test_batching_equivalence
tests/models/groupvit/test_modeling_groupvit.py::GroupViTModelTest::test_batching_equivalence
tests/models/pix2struct/test_modeling_pix2struct.py::Pix2StructVisionModelTest::test_batching_equivalence
tests/models/pix2struct/test_modeling_pix2struct.py::Pix2StructTextModelTest::test_batching_equivalence
tests/models/pix2struct/test_modeling_pix2struct.py::Pix2StructModelTest::test_batching_equivalence
tests/models/prophetnet/test_modeling_prophetnet.py::ProphetNetModelTest::test_batching_equivalence
tests/models/prophetnet/test_modeling_prophetnet.py::ProphetNetStandaloneDecoderModelTest::test_batching_equivalence
tests/models/prophetnet/test_modeling_prophetnet.py::ProphetNetStandaloneEncoderModelTest::test_batching_equivalence
tests/models/whisper/test_modeling_whisper.py::WhisperModelTest::test_batching_equivalence
tests/models/whisper/test_modeling_whisper.py::WhisperEncoderModelTest::test_batching_equivalence
tests/models/whisper/test_modeling_whisper.py::WhisperStandaloneDecoderModelTest::test_batching_equivalence
tests/models/x_clip/test_modeling_x_clip.py::XCLIPVisionModelTest::test_batching_equivalence
tests/models/x_clip/test_modeling_x_clip.py::XCLIPTextModelTest::test_batching_equivalence
tests/models/x_clip/test_modeling_x_clip.py::XCLIPModelTest::test_batching_equivalence
tests/models/bart/test_modeling_bart.py::BartModelTest::test_batching_equivalence
tests/models/bart/test_modeling_bart.py::BartStandaloneDecoderModelTest::test_batching_equivalence
tests/models/bigbird_pegasus/test_modeling_bigbird_pegasus.py::BigBirdPegasusModelTest::test_batching_equivalence
tests/models/bigbird_pegasus/test_modeling_bigbird_pegasus.py::BigBirdPegasusStandaloneDecoderModelTest::test_batching_equivalence
tests/models/blenderbot/test_modeling_blenderbot.py::BlenderbotModelTest::test_batching_equivalence
tests/models/blenderbot/test_modeling_blenderbot.py::BlenderbotStandaloneDecoderModelTest::test_batching_equivalence
tests/models/blenderbot_small/test_modeling_blenderbot_small.py::BlenderbotSmallModelTest::test_batching_equivalence
tests/models/blenderbot_small/test_modeling_blenderbot_small.py::BlenderbotSmallStandaloneDecoderModelTest::test_batching_equivalence
tests/models/cohere2/test_modeling_cohere2.py::CohereModelTest::test_batching_equivalence
tests/models/cohere2/test_modeling_cohere2.py::Cohere2ModelTest::test_batching_equivalence
tests/models/funnel/test_modeling_funnel.py::FunnelModelTest::test_batching_equivalence
tests/models/funnel/test_modeling_funnel.py::FunnelBaseModelTest::test_batching_equivalence
tests/models/gemma2/test_modeling_gemma2.py::GemmaModelTest::test_batching_equivalence
tests/models/gemma2/test_modeling_gemma2.py::Gemma2ModelTest::test_batching_equivalence
tests/models/git/test_modeling_git.py::GitVisionModelTest::test_batching_equivalence
tests/models/git/test_modeling_git.py::GitModelTest::test_batching_equivalence
tests/models/gpt_bigcode/test_modeling_gpt_bigcode.py::GPTBigCodeModelTest::test_batching_equivalence
tests/models/gpt_bigcode/test_modeling_gpt_bigcode.py::GPTBigCodeMHAModelTest::test_batching_equivalence
tests/models/hubert/test_modeling_hubert.py::HubertModelTest::test_batching_equivalence
tests/models/hubert/test_modeling_hubert.py::HubertRobustModelTest::test_batching_equivalence
tests/models/idefics/test_modeling_idefics.py::IdeficsModelTest::test_batching_equivalence
tests/models/idefics/test_modeling_idefics.py::IdeficsForVisionText2TextTest::test_batching_equivalence
tests/models/idefics2/test_modeling_idefics2.py::Idefics2ModelTest::test_batching_equivalence
tests/models/idefics2/test_modeling_idefics2.py::Idefics2ForConditionalGenerationModelTest::test_batching_equivalence
tests/models/idefics3/test_modeling_idefics3.py::Idefics3ModelTest::test_batching_equivalence
tests/models/idefics3/test_modeling_idefics3.py::Idefics3ForConditionalGenerationModelTest::test_batching_equivalence
tests/models/instructblip/test_modeling_instructblip.py::InstructBlipVisionModelTest::test_batching_equivalence
tests/models/instructblip/test_modeling_instructblip.py::InstructBlipForConditionalGenerationDecoderOnlyTest::test_batching_equivalence
tests/models/instructblipvideo/test_modeling_instructblipvideo.py::InstructBlipVideoVisionModelTest::test_batching_equivalence
tests/models/instructblipvideo/test_modeling_instructblipvideo.py::InstructBlipVideoForConditionalGenerationDecoderOnlyTest::test_batching_equivalence
tests/models/marian/test_modeling_marian.py::MarianModelTest::test_batching_equivalence
tests/models/marian/test_modeling_marian.py::MarianStandaloneDecoderModelTest::test_batching_equivalence
tests/models/mbart/test_modeling_mbart.py::MBartModelTest::test_batching_equivalence
tests/models/mbart/test_modeling_mbart.py::MBartStandaloneDecoderModelTest::test_batching_equivalence
tests/models/mllama/test_modeling_mllama.py::MllamaForCausalLMModelTest::test_batching_equivalence
tests/models/mllama/test_modeling_mllama.py::MllamaForConditionalGenerationModelTest::test_batching_equivalence
tests/models/moshi/test_modeling_moshi.py::MoshiDecoderTest::test_batching_equivalence
tests/models/moshi/test_modeling_moshi.py::MoshiTest::test_batching_equivalence
tests/models/mt5/test_modeling_mt5.py::MT5ModelTest::test_batching_equivalence
tests/models/mt5/test_modeling_mt5.py::MT5EncoderOnlyModelTest::test_batching_equivalence
tests/models/musicgen/test_modeling_musicgen.py::MusicgenDecoderTest::test_batching_equivalence
tests/models/musicgen/test_modeling_musicgen.py::MusicgenTest::test_batching_equivalence
tests/models/musicgen_melody/test_modeling_musicgen_melody.py::MusicgenMelodyDecoderTest::test_batching_equivalence
tests/models/musicgen_melody/test_modeling_musicgen_melody.py::MusicgenMelodyTest::test_batching_equivalence
tests/models/mvp/test_modeling_mvp.py::MvpModelTest::test_batching_equivalence
tests/models/mvp/test_modeling_mvp.py::MvpStandaloneDecoderModelTest::test_batching_equivalence
tests/models/nemotron/test_modeling_nemotron.py::GemmaModelTest::test_batching_equivalence
tests/models/nemotron/test_modeling_nemotron.py::NemotronModelTest::test_batching_equivalence
tests/models/pegasus/test_modeling_pegasus.py::PegasusModelTest::test_batching_equivalence
tests/models/pegasus/test_modeling_pegasus.py::PegasusStandaloneDecoderModelTest::test_batching_equivalence
tests/models/pegasus_x/test_modeling_pegasus_x.py::PegasusXModelTest::test_batching_equivalence
tests/models/pegasus_x/test_modeling_pegasus_x.py::PegasusXStandaloneDecoderModelTest::test_batching_equivalence
tests/models/plbart/test_modeling_plbart.py::PLBartModelTest::test_batching_equivalence
tests/models/plbart/test_modeling_plbart.py::PLBartStandaloneDecoderModelTest::test_batching_equivalence
tests/models/reformer/test_modeling_reformer.py::ReformerLocalAttnModelTest::test_batching_equivalence
tests/models/reformer/test_modeling_reformer.py::ReformerLSHAttnModelTest::test_batching_equivalence
tests/models/seamless_m4t/test_modeling_seamless_m4t.py::SeamlessM4TModelWithSpeechInputTest::test_batching_equivalence
tests/models/seamless_m4t/test_modeling_seamless_m4t.py::SeamlessM4TModelWithTextInputTest::test_batching_equivalence
tests/models/seamless_m4t_v2/test_modeling_seamless_m4t_v2.py::SeamlessM4Tv2ModelWithSpeechInputTest::test_batching_equivalence
tests/models/seamless_m4t_v2/test_modeling_seamless_m4t_v2.py::SeamlessM4Tv2ModelWithTextInputTest::test_batching_equivalence
tests/models/switch_transformers/test_modeling_switch_transformers.py::SwitchTransformersModelTest::test_batching_equivalence
tests/models/switch_transformers/test_modeling_switch_transformers.py::SwitchTransformersEncoderOnlyModelTest::test_batching_equivalence
tests/models/t5/test_modeling_t5.py::T5ModelTest::test_batching_equivalence
tests/models/t5/test_modeling_t5.py::T5EncoderOnlyModelTest::test_batching_equivalence
tests/models/udop/test_modeling_udop.py::UdopModelTest::test_batching_equivalence
tests/models/udop/test_modeling_udop.py::UdopEncoderOnlyModelTest::test_batching_equivalence
tests/models/umt5/test_modeling_umt5.py::UMT5ModelTest::test_batching_equivalence
tests/models/umt5/test_modeling_umt5.py::UMT5EncoderOnlyModelTest::test_batching_equivalence
tests/models/unispeech_sat/test_modeling_unispeech_sat.py::UniSpeechSatModelTest::test_batching_equivalence
tests/models/unispeech_sat/test_modeling_unispeech_sat.py::UniSpeechSatRobustModelTest::test_batching_equivalence
tests/models/wav2vec2/test_modeling_wav2vec2.py::Wav2Vec2ModelTest::test_batching_equivalence
tests/models/wav2vec2/test_modeling_wav2vec2.py::Wav2Vec2RobustModelTest::test_batching_equivalence
tests/models/albert/test_modeling_albert.py::AlbertModelTest::test_batching_equivalence
tests/models/audio_spectrogram_transformer/test_modeling_audio_spectrogram_transformer.py::ASTModelTest::test_batching_equivalence
tests/models/bamba/test_modeling_bamba.py::BambaModelTest::test_batching_equivalence
tests/models/beit/test_modeling_beit.py::BeitModelTest::test_batching_equivalence
tests/models/bert/test_modeling_bert.py::BertModelTest::test_batching_equivalence
tests/models/bert_generation/test_modeling_bert_generation.py::BertGenerationEncoderTest::test_batching_equivalence
tests/models/big_bird/test_modeling_big_bird.py::BigBirdModelTest::test_batching_equivalence
tests/models/biogpt/test_modeling_biogpt.py::BioGptModelTest::test_batching_equivalence
tests/models/bit/test_modeling_bit.py::BitModelTest::test_batching_equivalence
tests/models/blip/test_modeling_blip_text.py::BlipTextModelTest::test_batching_equivalence
tests/models/bloom/test_modeling_bloom.py::BloomModelTest::test_batching_equivalence
tests/models/bridgetower/test_modeling_bridgetower.py::BridgeTowerModelTest::test_batching_equivalence
tests/models/bros/test_modeling_bros.py::BrosModelTest::test_batching_equivalence
tests/models/canine/test_modeling_canine.py::CanineModelTest::test_batching_equivalence
tests/models/codegen/test_modeling_codegen.py::CodeGenModelTest::test_batching_equivalence
tests/models/cohere/test_modeling_cohere.py::CohereModelTest::test_batching_equivalence
tests/models/colpali/test_modeling_colpali.py::ColPaliForRetrievalModelTest::test_batching_equivalence
tests/models/conditional_detr/test_modeling_conditional_detr.py::ConditionalDetrModelTest::test_batching_equivalence
tests/models/convbert/test_modeling_convbert.py::ConvBertModelTest::test_batching_equivalence
tests/models/convnext/test_modeling_convnext.py::ConvNextModelTest::test_batching_equivalence
tests/models/convnextv2/test_modeling_convnextv2.py::ConvNextV2ModelTest::test_batching_equivalence
tests/models/cpmant/test_modeling_cpmant.py::CpmAntModelTest::test_batching_equivalence
tests/models/ctrl/test_modeling_ctrl.py::CTRLModelTest::test_batching_equivalence
tests/models/cvt/test_modeling_cvt.py::CvtModelTest::test_batching_equivalence
tests/models/data2vec/test_modeling_data2vec_audio.py::Data2VecAudioModelTest::test_batching_equivalence
tests/models/data2vec/test_modeling_data2vec_text.py::Data2VecTextModelTest::test_batching_equivalence
tests/models/data2vec/test_modeling_data2vec_vision.py::Data2VecVisionModelTest::test_batching_equivalence
tests/models/dbrx/test_modeling_dbrx.py::DbrxModelTest::test_batching_equivalence
tests/models/deberta/test_modeling_deberta.py::DebertaModelTest::test_batching_equivalence
tests/models/deberta_v2/test_modeling_deberta_v2.py::DebertaV2ModelTest::test_batching_equivalence
tests/models/decision_transformer/test_modeling_decision_transformer.py::DecisionTransformerModelTest::test_batching_equivalence
tests/models/deformable_detr/test_modeling_deformable_detr.py::DeformableDetrModelTest::test_batching_equivalence
tests/models/deit/test_modeling_deit.py::DeiTModelTest::test_batching_equivalence
tests/models/depth_anything/test_modeling_depth_anything.py::DepthAnythingModelTest::test_batching_equivalence
tests/models/detr/test_modeling_detr.py::DetrModelTest::test_batching_equivalence
tests/models/diffllama/test_modeling_diffllama.py::DiffLlamaModelTest::test_batching_equivalence
tests/models/dinov2/test_modeling_dinov2.py::Dinov2ModelTest::test_batching_equivalence
tests/models/dinov2_with_registers/test_modeling_dinov2_with_registers.py::Dinov2WithRegistersModelTest::test_batching_equivalence
tests/models/distilbert/test_modeling_distilbert.py::DistilBertModelTest::test_batching_equivalence
tests/models/donut/test_modeling_donut_swin.py::DonutSwinModelTest::test_batching_equivalence
tests/models/dpr/test_modeling_dpr.py::DPRModelTest::test_batching_equivalence
tests/models/dpt/test_modeling_dpt.py::DPTModelTest::test_batching_equivalence
tests/models/dpt/test_modeling_dpt_auto_backbone.py::DPTModelTest::test_batching_equivalence
tests/models/efficientnet/test_modeling_efficientnet.py::EfficientNetModelTest::test_batching_equivalence
tests/models/electra/test_modeling_electra.py::ElectraModelTest::test_batching_equivalence
tests/models/encodec/test_modeling_encodec.py::EncodecModelTest::test_batching_equivalence
tests/models/ernie/test_modeling_ernie.py::ErnieModelTest::test_batching_equivalence
tests/models/esm/test_modeling_esm.py::EsmModelTest::test_batching_equivalence
tests/models/esm/test_modeling_esmfold.py::EsmFoldModelTest::test_batching_equivalence
tests/models/falcon/test_modeling_falcon.py::FalconModelTest::test_batching_equivalence
tests/models/falcon_mamba/test_modeling_falcon_mamba.py::FalconMambaModelTest::test_batching_equivalence
tests/models/flaubert/test_modeling_flaubert.py::FlaubertModelTest::test_batching_equivalence
tests/models/fnet/test_modeling_fnet.py::FNetModelTest::test_batching_equivalence
tests/models/focalnet/test_modeling_focalnet.py::FocalNetModelTest::test_batching_equivalence
tests/models/fsmt/test_modeling_fsmt.py::FSMTModelTest::test_batching_equivalence
tests/models/fuyu/test_modeling_fuyu.py::FuyuModelTest::test_batching_equivalence
tests/models/gemma/test_modeling_gemma.py::GemmaModelTest::test_batching_equivalence
tests/models/glm/test_modeling_glm.py::GlmModelTest::test_batching_equivalence
tests/models/glpn/test_modeling_glpn.py::GLPNModelTest::test_batching_equivalence
tests/models/gpt2/test_modeling_gpt2.py::GPT2ModelTest::test_batching_equivalence
tests/models/gpt_neo/test_modeling_gpt_neo.py::GPTNeoModelTest::test_batching_equivalence
tests/models/gpt_neox/test_modeling_gpt_neox.py::GPTNeoXModelTest::test_batching_equivalence
tests/models/gpt_neox_japanese/test_modeling_gpt_neox_japanese.py::GPTNeoXModelJapaneseTest::test_batching_equivalence
tests/models/gptj/test_modeling_gptj.py::GPTJModelTest::test_batching_equivalence
tests/models/granite/test_modeling_granite.py::GraniteModelTest::test_batching_equivalence
tests/models/granitemoe/test_modeling_granitemoe.py::GraniteMoeModelTest::test_batching_equivalence
tests/models/grounding_dino/test_modeling_grounding_dino.py::GroundingDinoModelTest::test_batching_equivalence
tests/models/ibert/test_modeling_ibert.py::IBertModelTest::test_batching_equivalence
tests/models/ijepa/test_modeling_ijepa.py::IJepaModelTest::test_batching_equivalence
tests/models/imagegpt/test_modeling_imagegpt.py::ImageGPTModelTest::test_batching_equivalence
tests/models/jamba/test_modeling_jamba.py::JambaModelTest::test_batching_equivalence
tests/models/jetmoe/test_modeling_jetmoe.py::JetMoeModelTest::test_batching_equivalence
tests/models/kosmos2/test_modeling_kosmos2.py::Kosmos2ModelTest::test_batching_equivalence
tests/models/layoutlm/test_modeling_layoutlm.py::LayoutLMModelTest::test_batching_equivalence
tests/models/layoutlmv3/test_modeling_layoutlmv3.py::LayoutLMv3ModelTest::test_batching_equivalence
tests/models/led/test_modeling_led.py::LEDModelTest::test_batching_equivalence
tests/models/levit/test_modeling_levit.py::LevitModelTest::test_batching_equivalence
tests/models/lilt/test_modeling_lilt.py::LiltModelTest::test_batching_equivalence
tests/models/llama/test_modeling_llama.py::LlamaModelTest::test_batching_equivalence
tests/models/llava/test_modeling_llava.py::LlavaForConditionalGenerationModelTest::test_batching_equivalence
tests/models/llava_next/test_modeling_llava_next.py::LlavaNextForConditionalGenerationModelTest::test_batching_equivalence
tests/models/llava_next_video/test_modeling_llava_next_video.py::LlavaNextVideoForConditionalGenerationModelTest::test_batching_equivalence
tests/models/llava_onevision/test_modeling_llava_onevision.py::LlavaOnevisionForConditionalGenerationModelTest::test_batching_equivalence
tests/models/luke/test_modeling_luke.py::LukeModelTest::test_batching_equivalence
tests/models/lxmert/test_modeling_lxmert.py::LxmertModelTest::test_batching_equivalence
tests/models/m2m_100/test_modeling_m2m_100.py::M2M100ModelTest::test_batching_equivalence
tests/models/mamba/test_modeling_mamba.py::MambaModelTest::test_batching_equivalence
tests/models/mamba2/test_modeling_mamba2.py::Mamba2ModelTest::test_batching_equivalence
tests/models/markuplm/test_modeling_markuplm.py::MarkupLMModelTest::test_batching_equivalence
tests/models/mask2former/test_modeling_mask2former.py::Mask2FormerModelTest::test_batching_equivalence
tests/models/maskformer/test_modeling_maskformer.py::MaskFormerModelTest::test_batching_equivalence
tests/models/maskformer/test_modeling_maskformer_swin.py::MaskFormerSwinModelTest::test_batching_equivalence
tests/models/megatron_bert/test_modeling_megatron_bert.py::MegatronBertModelTest::test_batching_equivalence
tests/models/mgp_str/test_modeling_mgp_str.py::MgpstrModelTest::test_batching_equivalence
tests/models/mimi/test_modeling_mimi.py::MimiModelTest::test_batching_equivalence
tests/models/mistral/test_modeling_mistral.py::MistralModelTest::test_batching_equivalence
tests/models/mixtral/test_modeling_mixtral.py::MixtralModelTest::test_batching_equivalence
tests/models/mobilebert/test_modeling_mobilebert.py::MobileBertModelTest::test_batching_equivalence
tests/models/mobilenet_v1/test_modeling_mobilenet_v1.py::MobileNetV1ModelTest::test_batching_equivalence
tests/models/mobilenet_v2/test_modeling_mobilenet_v2.py::MobileNetV2ModelTest::test_batching_equivalence
tests/models/mobilevit/test_modeling_mobilevit.py::MobileViTModelTest::test_batching_equivalence
tests/models/mobilevitv2/test_modeling_mobilevitv2.py::MobileViTV2ModelTest::test_batching_equivalence
tests/models/modernbert/test_modeling_modernbert.py::ModernBertModelTest::test_batching_equivalence
tests/models/mpnet/test_modeling_mpnet.py::MPNetModelTest::test_batching_equivalence
tests/models/mpt/test_modeling_mpt.py::MptModelTest::test_batching_equivalence
tests/models/nllb_moe/test_modeling_nllb_moe.py::NllbMoeModelTest::test_batching_equivalence
tests/models/nystromformer/test_modeling_nystromformer.py::NystromformerModelTest::test_batching_equivalence
tests/models/olmo/test_modeling_olmo.py::OlmoModelTest::test_batching_equivalence
tests/models/olmo2/test_modeling_olmo2.py::Olmo2ModelTest::test_batching_equivalence
tests/models/olmoe/test_modeling_olmoe.py::OlmoeModelTest::test_batching_equivalence
tests/models/omdet_turbo/test_modeling_omdet_turbo.py::OmDetTurboModelTest::test_batching_equivalence
tests/models/oneformer/test_modeling_oneformer.py::OneFormerModelTest::test_batching_equivalence
tests/models/openai/test_modeling_openai.py::OpenAIGPTModelTest::test_batching_equivalence
tests/models/opt/test_modeling_opt.py::OPTModelTest::test_batching_equivalence
tests/models/paligemma/test_modeling_paligemma.py::PaliGemmaForConditionalGenerationModelTest::test_batching_equivalence
tests/models/patchtsmixer/test_modeling_patchtsmixer.py::PatchTSMixerModelTest::test_batching_equivalence
tests/models/patchtst/test_modeling_patchtst.py::PatchTSTModelTest::test_batching_equivalence
tests/models/perceiver/test_modeling_perceiver.py::PerceiverModelTest::test_batching_equivalence
tests/models/persimmon/test_modeling_persimmon.py::PersimmonModelTest::test_batching_equivalence
tests/models/phi/test_modeling_phi.py::PhiModelTest::test_batching_equivalence
tests/models/phi3/test_modeling_phi3.py::Phi3ModelTest::test_batching_equivalence
tests/models/phimoe/test_modeling_phimoe.py::PhimoeModelTest::test_batching_equivalence
tests/models/poolformer/test_modeling_poolformer.py::PoolFormerModelTest::test_batching_equivalence
tests/models/pop2piano/test_modeling_pop2piano.py::Pop2PianoModelTest::test_batching_equivalence
tests/models/pvt/test_modeling_pvt.py::PvtModelTest::test_batching_equivalence
tests/models/pvt_v2/test_modeling_pvt_v2.py::PvtV2ModelTest::test_batching_equivalence
tests/models/qwen2/test_modeling_qwen2.py::Qwen2ModelTest::test_batching_equivalence
tests/models/qwen2_audio/test_modeling_qwen2_audio.py::Qwen2AudioForConditionalGenerationModelTest::test_batching_equivalence
tests/models/qwen2_moe/test_modeling_qwen2_moe.py::Qwen2MoeModelTest::test_batching_equivalence
tests/models/qwen2_vl/test_modeling_qwen2_vl.py::Qwen2VLModelTest::test_batching_equivalence
tests/models/recurrent_gemma/test_modeling_recurrent_gemma.py::RecurrentGemmaModelTest::test_batching_equivalence
tests/models/regnet/test_modeling_regnet.py::RegNetModelTest::test_batching_equivalence
tests/models/rembert/test_modeling_rembert.py::RemBertModelTest::test_batching_equivalence
tests/models/resnet/test_modeling_resnet.py::ResNetModelTest::test_batching_equivalence
tests/models/roberta/test_modeling_roberta.py::RobertaModelTest::test_batching_equivalence
tests/models/roberta_prelayernorm/test_modeling_roberta_prelayernorm.py::RobertaPreLayerNormModelTest::test_batching_equivalence
tests/models/roc_bert/test_modeling_roc_bert.py::RoCBertModelTest::test_batching_equivalence
tests/models/roformer/test_modeling_roformer.py::RoFormerModelTest::test_batching_equivalence
tests/models/rt_detr/test_modeling_rt_detr.py::RTDetrModelTest::test_batching_equivalence
tests/models/rwkv/test_modeling_rwkv.py::RwkvModelTest::test_batching_equivalence
tests/models/sam/test_modeling_sam.py::SamModelTest::test_batching_equivalence
tests/models/segformer/test_modeling_segformer.py::SegformerModelTest::test_batching_equivalence
tests/models/seggpt/test_modeling_seggpt.py::SegGptModelTest::test_batching_equivalence
tests/models/sew/test_modeling_sew.py::SEWModelTest::test_batching_equivalence
tests/models/sew_d/test_modeling_sew_d.py::SEWDModelTest::test_batching_equivalence
tests/models/speech_to_text/test_modeling_speech_to_text.py::Speech2TextModelTest::test_batching_equivalence
tests/models/splinter/test_modeling_splinter.py::SplinterModelTest::test_batching_equivalence
tests/models/squeezebert/test_modeling_squeezebert.py::SqueezeBertModelTest::test_batching_equivalence
tests/models/stablelm/test_modeling_stablelm.py::StableLmModelTest::test_batching_equivalence
tests/models/starcoder2/test_modeling_starcoder2.py::Starcoder2ModelTest::test_batching_equivalence
tests/models/superpoint/test_modeling_superpoint.py::SuperPointModelTest::test_batching_equivalence
tests/models/swiftformer/test_modeling_swiftformer.py::SwiftFormerModelTest::test_batching_equivalence
tests/models/swin/test_modeling_swin.py::SwinModelTest::test_batching_equivalence
tests/models/swin2sr/test_modeling_swin2sr.py::Swin2SRModelTest::test_batching_equivalence
tests/models/swinv2/test_modeling_swinv2.py::Swinv2ModelTest::test_batching_equivalence
tests/models/table_transformer/test_modeling_table_transformer.py::TableTransformerModelTest::test_batching_equivalence
tests/models/tapas/test_modeling_tapas.py::TapasModelTest::test_batching_equivalence
tests/models/time_series_transformer/test_modeling_time_series_transformer.py::TimeSeriesTransformerModelTest::test_batching_equivalence
tests/models/timesformer/test_modeling_timesformer.py::TimesformerModelTest::test_batching_equivalence
tests/models/timm_wrapper/test_modeling_timm_wrapper.py::TimmWrapperModelTest::test_batching_equivalence
tests/models/trocr/test_modeling_trocr.py::TrOCRStandaloneDecoderModelTest::test_batching_equivalence
tests/models/tvp/test_modeling_tvp.py::TVPModelTest::test_batching_equivalence
tests/models/unispeech/test_modeling_unispeech.py::UniSpeechRobustModelTest::test_batching_equivalence
tests/models/univnet/test_modeling_univnet.py::UnivNetModelTest::test_batching_equivalence
tests/models/upernet/test_modeling_upernet.py::UperNetModelTest::test_batching_equivalence
tests/models/video_llava/test_modeling_video_llava.py::VideoLlavaForConditionalGenerationModelTest::test_batching_equivalence
tests/models/videomae/test_modeling_videomae.py::VideoMAEModelTest::test_batching_equivalence
tests/models/vipllava/test_modeling_vipllava.py::VipLlavaForConditionalGenerationModelTest::test_batching_equivalence
tests/models/visual_bert/test_modeling_visual_bert.py::VisualBertModelTest::test_batching_equivalence
tests/models/vit/test_modeling_vit.py::ViTModelTest::test_batching_equivalence
tests/models/vit_msn/test_modeling_vit_msn.py::ViTMSNModelTest::test_batching_equivalence
tests/models/vitdet/test_modeling_vitdet.py::VitDetModelTest::test_batching_equivalence
tests/models/vitmatte/test_modeling_vitmatte.py::VitMatteModelTest::test_batching_equivalence
tests/models/vivit/test_modeling_vivit.py::VivitModelTest::test_batching_equivalence
tests/models/wav2vec2_bert/test_modeling_wav2vec2_bert.py::Wav2Vec2BertModelTest::test_batching_equivalence
tests/models/wav2vec2_conformer/test_modeling_wav2vec2_conformer.py::Wav2Vec2ConformerModelTest::test_batching_equivalence
tests/models/wavlm/test_modeling_wavlm.py::WavLMModelTest::test_batching_equivalence
tests/models/xglm/test_modeling_xglm.py::XGLMModelTest::test_batching_equivalence
tests/models/xlm/test_modeling_xlm.py::XLMModelTest::test_batching_equivalence
tests/models/xlm_roberta_xl/test_modeling_xlm_roberta_xl.py::XLMRobertaXLModelTest::test_batching_equivalence
tests/models/xlnet/test_modeling_xlnet.py::XLNetModelTest::test_batching_equivalence
tests/models/xmod/test_modeling_xmod.py::XmodModelTest::test_batching_equivalence
tests/models/yolos/test_modeling_yolos.py::YolosModelTest::test_batching_equivalence
tests/models/yoso/test_modeling_yoso.py::YosoModelTest::test_batching_equivalence
tests/models/zamba/test_modeling_zamba.py::ZambaModelTest::test_batching_equivalence
tests/models/zoedepth/test_modeling_zoedepth.py::ZoeDepthModelTest::test_batching_equivalence
-v
-n 8
--flake-finder
--flake-runs=1
--make-reports=tests_torch
